[2m17:01:52[22m [31m[1m[vite][22m[39m [31mInternal server error: C:\Users\Бабах\Desktop\сайты\assolyaa-main\assolyaa-main\src\pages\Advertising.tsx: Adjacent JSX elements must be wrapped in an enclosing tag. Did you want a JSX fragment <>...</>? (663:6)

[0m [90m 661 |[31m           [33m<[31m[33m/[31m[33ma[31m[33m>[31m
 [90m 662 |[31m         [33m<[31m[33m/[31m[33mdiv[31m[33m>[31m
[31m[1m>[22m[31m[90m 663 |[31m       [33m<[31m[33m/[31m[33mnav[31m[33m>[31m
 [90m     |[31m       [31m[1m^[22m[31m
 [90m 664 |[31m
 [90m 665 |[31m       {[90m/* 01 — Profile */[31m}
 [90m 666 |[31m       [33m<[31m[33mChapter[31m[0m[39m
  Plugin: [35mvite:react-babel[39m
  File: [36mC:/Users/Бабах/Desktop/сайты/assolyaa-main/assolyaa-main/src/pages/Advertising.tsx[39m:663:6
[33m  661 |            </a>
  662 |          </div>
  663 |        </nav>
      |        ^
  664 |  
  665 |        {/* 01 — Profile */}[39m
      at constructor (C:\Users\Бабах\Desktop\сайты\assolyaa-main\assolyaa-main\node_modules\@babel\parser\lib\index.js:365:19)
      at TypeScriptParserMixin.raise (C:\Users\Бабах\Desktop\сайты\assolyaa-main\assolyaa-main\node_modules\@babel\parser\lib\index.js:6616:19)
      at TypeScriptParserMixin.jsxParseElementAt (C:\Users\Бабах\Desktop\сайты\assolyaa-main\assolyaa-main\node_modules\@babel\parser\lib\index.js:4754:18)
      at TypeScriptParserMixin.jsxParseElement (C:\Users\Бабах\Desktop\сайты\assolyaa-main\assolyaa-main\node_modules\@babel\parser\lib\index.js:4761:17)
      at TypeScriptParserMixin.parseExprAtom (C:\Users\Бабах\Desktop\сайты\assolyaa-main\assolyaa-main\node_modules\@babel\parser\lib\index.js:4771:19)
      at TypeScriptParserMixin.parseExprSubscripts (C:\Users\Бабах\Desktop\сайты\assolyaa-main\assolyaa-main\node_modules\@babel\parser\lib\index.js:11098:23)
      at TypeScriptParserMixin.parseUpdate (C:\Users\Бабах\Desktop\сайты\assolyaa-main\assolyaa-main\node_modules\@babel\parser\lib\index.js:11083:21)
      at TypeScriptParserMixin.parseMaybeUnary (C:\Users\Бабах\Desktop\сайты\assolyaa-main\assolyaa-main\node_modules\@babel\parser\lib\index.js:11063:23)
      at TypeScriptParserMixin.parseMaybeUnary (C:\Users\Бабах\Desktop\сайты\assolyaa-main\assolyaa-main\node_modules\@babel\parser\lib\index.js:9854:18)
      at TypeScriptParserMixin.parseMaybeUnaryOrPrivate (C:\Users\Бабах\Desktop\сайты\assolyaa-main\assolyaa-main\node_modules\@babel\parser\lib\index.js:10916:61)
      at TypeScriptParserMixin.parseExprOpBaseRightExpr (C:\Users\Бабах\Desktop\сайты\assolyaa-main\assolyaa-main\node_modules\@babel\parser\lib\index.js:11003:34)
      at TypeScriptParserMixin.parseExprOpRightExpr (C:\Users\Бабах\Desktop\сайты\assolyaa-main\assolyaa-main\node_modules\@babel\parser\lib\index.js:10998:21)
      at TypeScriptParserMixin.parseExprOp (C:\Users\Бабах\Desktop\сайты\assolyaa-main\assolyaa-main\node_modules\@babel\parser\lib\index.js:10964:27)
      at TypeScriptParserMixin.parseExprOp (C:\Users\Бабах\Desktop\сайты\assolyaa-main\assolyaa-main\node_modules\@babel\parser\lib\index.js:9323:18)
      at TypeScriptParserMixin.parseExprOps (C:\Users\Бабах\Desktop\сайты\assolyaa-main\assolyaa-main\node_modules\@babel\parser\lib\index.js:10925:17)
      at TypeScriptParserMixin.parseMaybeConditional (C:\Users\Бабах\Desktop\сайты\assolyaa-main\assolyaa-main\node_modules\@babel\parser\lib\index.js:10898:23)
      at TypeScriptParserMixin.parseMaybeAssign (C:\Users\Бабах\Desktop\сайты\assolyaa-main\assolyaa-main\node_modules\@babel\parser\lib\index.js:10848:21)
      at TypeScriptParserMixin.parseMaybeAssign (C:\Users\Бабах\Desktop\сайты\assolyaa-main\assolyaa-main\node_modules\@babel\parser\lib\index.js:9803:20)
      at TypeScriptParserMixin.parseExpressionBase (C:\Users\Бабах\Desktop\сайты\assolyaa-main\assolyaa-main\node_modules\@babel\parser\lib\index.js:10801:23)
      at C:\Users\Бабах\Desktop\сайты\assolyaa-main\assolyaa-main\node_modules\@babel\parser\lib\index.js:10797:39
      at TypeScriptParserMixin.allowInAnd (C:\Users\Бабах\Desktop\сайты\assolyaa-main\assolyaa-main\node_modules\@babel\parser\lib\index.js:12443:12)
      at TypeScriptParserMixin.parseExpression (C:\Users\Бабах\Desktop\сайты\assolyaa-main\assolyaa-main\node_modules\@babel\parser\lib\index.js:10797:17)
      at TypeScriptParserMixin.jsxParseExpressionContainer (C:\Users\Бабах\Desktop\сайты\assolyaa-main\assolyaa-main\node_modules\@babel\parser\lib\index.js:4644:31)
      at TypeScriptParserMixin.jsxParseAttributeValue (C:\Users\Бабах\Desktop\сайты\assolyaa-main\assolyaa-main\node_modules\@babel\parser\lib\index.js:4616:21)
      at TypeScriptParserMixin.jsxParseAttribute (C:\Users\Бабах\Desktop\сайты\assolyaa-main\assolyaa-main\node_modules\@babel\parser\lib\index.js:4665:38)
      at TypeScriptParserMixin.jsxParseOpeningElementAfterName (C:\Users\Бабах\Desktop\сайты\assolyaa-main\assolyaa-main\node_modules\@babel\parser\lib\index.js:4679:28)
      at TypeScriptParserMixin.jsxParseOpeningElementAfterName (C:\Users\Бабах\Desktop\сайты\assolyaa-main\assolyaa-main\node_modules\@babel\parser\lib\index.js:10060:18)
      at TypeScriptParserMixin.jsxParseOpeningElementAt (C:\Users\Бабах\Desktop\сайты\assolyaa-main\assolyaa-main\node_modules\@babel\parser\lib\index.js:4674:17)
      at TypeScriptParserMixin.jsxParseElementAt (C:\Users\Бабах\Desktop\сайты\assolyaa-main\assolyaa-main\node_modules\@babel\parser\lib\index.js:4698:33)
      at TypeScriptParserMixin.jsxParseElementAt (C:\Users\Бабах\Desktop\сайты\assolyaa-main\assolyaa-main\node_modules\@babel\parser\lib\index.js:4710:32)
      at TypeScriptParserMixin.jsxParseElement (C:\Users\Бабах\Desktop\сайты\assolyaa-main\assolyaa-main\node_modules\@babel\parser\lib\index.js:4761:17)
      at TypeScriptParserMixin.parseExprAtom (C:\Users\Бабах\Desktop\сайты\assolyaa-main\assolyaa-main\node_modules\@babel\parser\lib\index.js:4771:19)
      at TypeScriptParserMixin.parseExprSubscripts (C:\Users\Бабах\Desktop\сайты\assolyaa-main\assolyaa-main\node_modules\@babel\parser\lib\index.js:11098:23)
      at TypeScriptParserMixin.parseUpdate (C:\Users\Бабах\Desktop\сайты\assolyaa-main\assolyaa-main\node_modules\@babel\parser\lib\index.js:11083:21)
      at TypeScriptParserMixin.parseMaybeUnary (C:\Users\Бабах\Desktop\сайты\assolyaa-main\assolyaa-main\node_modules\@babel\parser\lib\index.js:11063:23)
      at TypeScriptParserMixin.parseMaybeUnary (C:\Users\Бабах\Desktop\сайты\assolyaa-main\assolyaa-main\node_modules\@babel\parser\lib\index.js:9854:18)
      at TypeScriptParserMixin.parseMaybeUnaryOrPrivate (C:\Users\Бабах\Desktop\сайты\assolyaa-main\assolyaa-main\node_modules\@babel\parser\lib\index.js:10916:61)
      at TypeScriptParserMixin.parseExprOps (C:\Users\Бабах\Desktop\сайты\assolyaa-main\assolyaa-main\node_modules\@babel\parser\lib\index.js:10921:23)
      at TypeScriptParserMixin.parseMaybeConditional (C:\Users\Бабах\Desktop\сайты\assolyaa-main\assolyaa-main\node_modules\@babel\parser\lib\index.js:10898:23)
      at TypeScriptParserMixin.parseMaybeAssign (C:\Users\Бабах\Desktop\сайты\assolyaa-main\assolyaa-main\node_modules\@babel\parser\lib\index.js:10848:21)
      at C:\Users\Бабах\Desktop\сайты\assolyaa-main\assolyaa-main\node_modules\@babel\parser\lib\index.js:9792:39
      at TypeScriptParserMixin.tryParse (C:\Users\Бабах\Desktop\сайты\assolyaa-main\assolyaa-main\node_modules\@babel\parser\lib\index.js:6924:20)
      at TypeScriptParserMixin.parseMaybeAssign (C:\Users\Бабах\Desktop\сайты\assolyaa-main\assolyaa-main\node_modules\@babel\parser\lib\index.js:9792:18)
      at C:\Users\Бабах\Desktop\сайты\assolyaa-main\assolyaa-main\node_modules\@babel\parser\lib\index.js:10817:39
      at TypeScriptParserMixin.allowInAnd (C:\Users\Бабах\Desktop\сайты\assolyaa-main\assolyaa-main\node_modules\@babel\parser\lib\index.js:12443:12)
      at TypeScriptParserMixin.parseMaybeAssignAllowIn (C:\Users\Бабах\Desktop\сайты\assolyaa-main\assolyaa-main\node_modules\@babel\parser\lib\index.js:10817:17)
      at TypeScriptParserMixin.parseMaybeAssignAllowInOrVoidPattern (C:\Users\Бабах\Desktop\сайты\assolyaa-main\assolyaa-main\node_modules\@babel\parser\lib\index.js:12510:17)
      at TypeScriptParserMixin.parseParenAndDistinguishExpression (C:\Users\Бабах\Desktop\сайты\assolyaa-main\assolyaa-main\node_modules\@babel\parser\lib\index.js:11692:28)
      at TypeScriptParserMixin.parseExprAtom (C:\Users\Бабах\Desktop\сайты\assolyaa-main\assolyaa-main\node_modules\@babel\parser\lib\index.js:11348:23)
      at TypeScriptParserMixin.parseExprAtom (C:\Users\Бабах\Desktop\сайты\assolyaa-main\assolyaa-main\node_modules\@babel\parser\lib\index.js:4776:20)
