
> vite-template@0.0.0 dev
> vite


  [32m[1mVITE[22m v7.3.6[39m  [2mready in [0m[1m577[22m[2m[0m ms[22m

  [32m➜[39m  [1mLocal[22m:   [36mhttp://localhost:[1m5173[22m/[39m
  [32m➜[39m  [1mNetwork[22m: [36mhttp://26.95.118.54:[1m5173[22m/[39m
  [32m➜[39m  [1mNetwork[22m: [36mhttp://192.168.0.10:[1m5173[22m/[39m
[2m16:15:05[22m [36m[1m[vite][22m[39m [90m[2m(client)[22m[39m [32m✨ new dependencies optimized: [33m@radix-ui/react-accordion[32m[39m
[2m16:15:05[22m [36m[1m[vite][22m[39m [90m[2m(client)[22m[39m [32m✨ optimized dependencies changed. reloading[39m
[2m16:18:34[22m [36m[1m[vite][22m[39m [90m[2m(client)[22m[39m [32mhmr update [39m[2m/src/pages/Advertising.tsx, /src/index.css[22m
[2m16:19:30[22m [36m[1m[vite][22m[39m [90m[2m(client)[22m[39m [32mhmr update [39m[2m/src/pages/Advertising.tsx, /src/index.css[22m
[2m16:24:27[22m [36m[1m[vite][22m[39m [90m[2m(client)[22m[39m [32mhmr update [39m[2m/src/pages/Advertising.tsx, /src/index.css[22m
[2m16:24:43[22m [36m[1m[vite][22m[39m [90m[2m(client)[22m[39m [32mhmr update [39m[2m/src/pages/Advertising.tsx, /src/index.css[22m
[2m16:27:41[22m [36m[1m[vite][22m[39m [90m[2m(client)[22m[39m [32mhmr update [39m[2m/src/pages/Advertising.tsx, /src/index.css[22m
[2m16:28:35[22m [36m[1m[vite][22m[39m [90m[2m(client)[22m[39m [32mhmr update [39m[2m/src/pages/Advertising.tsx, /src/index.css[22m
[2m16:28:57[22m [36m[1m[vite][22m[39m [90m[2m(client)[22m[39m [32mhmr update [39m[2m/src/pages/Advertising.tsx, /src/index.css[22m
[2m16:29:52[22m [36m[1m[vite][22m[39m [90m[2m(client)[22m[39m [32mhmr update [39m[2m/src/pages/Advertising.tsx, /src/index.css[22m
[2m16:56:32[22m [36m[1m[vite][22m[39m [90m[2m(client)[22m[39m [32mhmr update [39m[2m/src/pages/Advertising.tsx, /src/index.css[22m
[2m16:58:33[22m [36m[1m[vite][22m[39m [90m[2m(client)[22m[39m [32mhmr update [39m[2m/src/pages/Advertising.tsx, /src/index.css[22m
[2m17:01:52[22m [36m[1m[vite][22m[39m [90m[2m(client)[22m[39m [32mhmr update [39m[2m/src/pages/Advertising.tsx, /src/index.css[22m
[2m17:07:33[22m [36m[1m[vite][22m[39m [90m[2m(client)[22m[39m [32mhmr update [39m[2m/src/pages/Advertising.tsx, /src/index.css[22m
[2m17:13:45[22m [36m[1m[vite][22m[39m [90m[2m(client)[22m[39m [32mhmr update [39m[2m/src/pages/Advertising.tsx, /src/index.css[22m
